// Jest Snapshot v1, https://goo.gl/fbAQLP

exports[`<NotFoundPage /> Renders NotFoundPage renders not found page 1`] = `
<DocumentFragment>
  <div
    class="container-fluid d-flex py-5 justify-content-center align-items-start text-center"
  >
    <p
      class="my-0 py-5 text-muted"
      style="max-width: 32em;"
    >
      The page you're looking for is unavailable or there's an error in the URL. Please check the URL and try again.
    </p>
  </div>
</DocumentFragment>
`;
