// Jest Snapshot v1, https://goo.gl/fbAQLP

exports[`<ManageSubscriptions /> Renders correctly in various states navigates when url is fetched correctly 1`] = `
<div>
  <div
    className="d-flex justify-content-center align-items-center flex-column"
    style={
      Object {
        "height": "50vh",
      }
    }
  >
    <div
      className="spinner-border text-primary"
      role="status"
    >
      <span
        className="sr-only"
      >
        Loading manage subscriptions...
      </span>
    </div>
  </div>
</div>
`;

exports[`<ManageSubscriptions /> Renders correctly in various states renders error ui when fetching url fails 1`] = `
<div
  className="container-fluid d-flex py-5 justify-content-center align-items-start text-center"
>
  <div
    className="py-5 text-gray-700"
    style={
      Object {
        "maxWidth": "32em",
      }
    }
  >
    <h3
      className="text-gray-700 mb-3"
    >
      Something went wrong
    </h3>
    <p
      className="lead"
    >
      The page youâ€™re looking for is unavailable or there was an error. Visit the 
      <i
        className="text-lowercase"
      >
        Orders and subscriptions
      </i>
       page to manage your subscription.
    </p>
    <p>
      If this problem persists, 
      <a
        className="pgn__hyperlink default-link standalone-link"
        href="http://localhost:18000/support/hc/requests/new"
        onClick={[Function]}
        target="_self"
      >
        contact support
      </a>
      .
    </p>
    <a
      className="btn btn-primary btn-sm"
      href="/orders"
      onClick={[Function]}
      onKeyDown={[Function]}
    >
      Orders and subscriptions
    </a>
  </div>
</div>
`;

exports[`<ManageSubscriptions /> Renders correctly in various states renders loading when url is being fetched 1`] = `
<div>
  <div
    className="d-flex justify-content-center align-items-center flex-column"
    style={
      Object {
        "height": "50vh",
      }
    }
  >
    <div
      className="spinner-border text-primary"
      role="status"
    >
      <span
        className="sr-only"
      >
        Loading manage subscriptions...
      </span>
    </div>
  </div>
</div>
`;
